The MySQL Database With MAMP(not XAMMP) in Mac book

1.the default user and password is root and root

ishiiryou-no-MacBook-Air:bin ishiiaya$ ./mysql -u root -p
Enter password: 
Welcome to the MySQL monitor.  Commands end with ; or \g.
Your MySQL connection id is 6
Server version: 5.6.35 MySQL Community Server (GPL)

Copyright (c) 2000, 2016, Oracle and/or its affiliates. All rights reserved.

Oracle is a registered trademark of Oracle Corporation and/or its
affiliates. Other names may be trademarks of their respective
owners.

Type 'help;' or '\h' for help. Type '\c' to clear the current input statement.

mysql> 

2. The initial databases in MySQL

mysql> show databases;
+--------------------+
| Database           |
+--------------------+
| information_schema |
| mysql              |
| performance_schema |
+--------------------+
3 rows in set (0.00 sec)

mysql> create database test;
Query OK, 1 row affected (0.01 sec)

mysql> show databases;
+--------------------+
| Database           |
+--------------------+
| information_schema |
| mysql              |
| performance_schema |
| test               |
+--------------------+
4 rows in set (0.01 sec)

it is also having the mysql database just like MariaDB

mysql> use test;
Database changed
mysql> create table HOME_ACCOUNT (ID INT NOT NULL AUTO_INCREMENT PRIMARY KEY,ISSUE_DATE DATE,ISSUE_TITLE VARCHAR(100),ISSUE_AMOUNT VARCHAR(10));
Query OK, 0 rows affected (0.06 sec)

mysql> desc HOME_ACCOUNT;

mysql> 
+--------------+--------------+------+-----+---------+----------------+
| Field        | Type         | Null | Key | Default | Extra          |
+--------------+--------------+------+-----+---------+----------------+
| ID           | int(11)      | NO   | PRI | NULL    | auto_increment |
| ISSUE_DATE   | date         | YES  |     | NULL    |                |
| ISSUE_TITLE  | varchar(100) | YES  |     | NULL    |                |
| ISSUE_AMOUNT | varchar(10)  | YES  |     | NULL    |                |
+--------------+--------------+------+-----+---------+----------------+
4 rows in set (0.02 sec)

mysql> 

mysql> insert into HOME_ACCOUNT values (1,2017-05-03,"food",300);
Query OK, 1 row affected, 1 warning (0.01 sec)

mysql> select * from HOME_ACCOUNT;
+----+------------+-------------+--------------+
| ID | ISSUE_DATE | ISSUE_TITLE | ISSUE_AMOUNT |
+----+------------+-------------+--------------+
|  1 | 0000-00-00 | food        | 300          |
+----+------------+-------------+--------------+
1 row in set (0.01 sec)

mysql> update HOME_ACCOUNT set ISSUR_DATE = "2017-05-03";
ERROR 1054 (42S22): Unknown column 'ISSUR_DATE' in 'field list'
mysql> update HOME_ACCOUNT set ISSUR_DATE = "2017-05-03";
ERROR 1054 (42S22): Unknown column 'ISSUR_DATE' in 'field list'
mysql> update HOME_ACCOUNT set ISSUE_DATE = "2017-05-03";
Query OK, 1 row affected (0.01 sec)
Rows matched: 1  Changed: 1  Warnings: 0

mysql> select * from HOME_ACCOUNT;
+----+------------+-------------+--------------+
| ID | ISSUE_DATE | ISSUE_TITLE | ISSUE_AMOUNT |
+----+------------+-------------+--------------+
|  1 | 2017-05-03 | food        | 300          |
+----+------------+-------------+--------------+
1 row in set (0.00 sec)

mysql> use mysql;
Reading table information for completion of table and column names
You can turn off this feature to get a quicker startup with -A

Database changed
mysql> select * from user;
+---------------+------+-------------------------------------------+-------------+-------------+-------------+-------------+-------------+-----------+-------------+---------------+--------------+-----------+------------+-----------------+------------+------------+--------------+------------+-----------------------+------------------+--------------+-----------------+------------------+------------------+----------------+---------------------+--------------------+------------------+------------+--------------+------------------------+----------+------------+-------------+--------------+---------------+-------------+-----------------+----------------------+-----------------------+-----------------------+------------------+
| Host          | User | Password                                  | Select_priv | Insert_priv | Update_priv | Delete_priv | Create_priv | Drop_priv | Reload_priv | Shutdown_priv | Process_priv | File_priv | Grant_priv | References_priv | Index_priv | Alter_priv | Show_db_priv | Super_priv | Create_tmp_table_priv | Lock_tables_priv | Execute_priv | Repl_slave_priv | Repl_client_priv | Create_view_priv | Show_view_priv | Create_routine_priv | Alter_routine_priv | Create_user_priv | Event_priv | Trigger_priv | Create_tablespace_priv | ssl_type | ssl_cipher | x509_issuer | x509_subject | max_questions | max_updates | max_connections | max_user_connections | plugin                | authentication_string | password_expired |
+---------------+------+-------------------------------------------+-------------+-------------+-------------+-------------+-------------+-----------+-------------+---------------+--------------+-----------+------------+-----------------+------------+------------+--------------+------------+-----------------------+------------------+--------------+-----------------+------------------+------------------+----------------+---------------------+--------------------+------------------+------------+--------------+------------------------+----------+------------+-------------+--------------+---------------+-------------+-----------------+----------------------+-----------------------+-----------------------+------------------+
| localhost     | root | *81F5E21E35407D884A6CD4A731AEBFB6AF209E1B | Y           | Y           | Y           | Y           | Y           | Y         | Y           | Y             | Y            | Y         | Y          | Y               | Y          | Y          | Y            | Y          | Y                     | Y                | Y            | Y               | Y                | Y                | Y              | Y                   | Y                  | Y                | Y          | Y            | Y                      |          |            |             |              |             0 |           0 |               0 |                    0 | mysql_native_password |                       | N                |
| devbook.local | root | *81F5E21E35407D884A6CD4A731AEBFB6AF209E1B | Y           | Y           | Y           | Y           | Y           | Y         | Y           | Y             | Y            | Y         | Y          | Y               | Y          | Y          | Y            | Y          | Y                     | Y                | Y            | Y               | Y                | Y                | Y              | Y                   | Y                  | Y                | Y          | Y            | Y                      |          |            |             |              |             0 |           0 |               0 |                    0 | mysql_native_password |                       | N                |
| 127.0.0.1     | root | *81F5E21E35407D884A6CD4A731AEBFB6AF209E1B | Y           | Y           | Y           | Y           | Y           | Y         | Y           | Y             | Y            | Y         | Y          | Y               | Y          | Y          | Y            | Y          | Y                     | Y                | Y            | Y               | Y                | Y                | Y              | Y                   | Y                  | Y                | Y          | Y            | Y                      |          |            |             |              |             0 |           0 |               0 |                    0 | mysql_native_password |                       | N                |
| ::1           | root | *81F5E21E35407D884A6CD4A731AEBFB6AF209E1B | Y           | Y           | Y           | Y           | Y           | Y         | Y           | Y             | Y            | Y         | Y          | Y               | Y          | Y          | Y            | Y          | Y                     | Y                | Y            | Y               | Y                | Y                | Y              | Y                   | Y                  | Y                | Y          | Y            | Y                      |          |            |             |              |             0 |           0 |               0 |                    0 | mysql_native_password |                       | N                |
+---------------+------+-------------------------------------------+-------------+-------------+-------------+-------------+-------------+-----------+-------------+---------------+--------------+-----------+------------+-----------------+------------+------------+--------------+------------+-----------------------+------------------+--------------+-----------------+------------------+------------------+----------------+---------------------+--------------------+------------------+------------+--------------+------------------------+----------+------------+-------------+--------------+---------------+-------------+-----------------+----------------------+-----------------------+-----------------------+------------------+
4 rows in set (0.01 sec)

mysql> 


